Open Watcom Linker Version 2.0 beta Feb 14 2024 01:53:56 (64-bit)
Copyright (c) 2002-2024 The Open Watcom Contributors. All Rights Reserved.
Portions Copyright (c) 1985-2002 Sybase, Inc. All Rights Reserved.
Created on:       24/03/28 22:35:59
Executable Image: ownfmdrv.exe
creating a DOS executable


                        +------------+
                        |   Groups   |
                        +------------+

Group                           Address              Size
=====                           =======              ====

DGROUP                          0000:0000            0000a010



                        +--------------+
                        |   Segments   |
                        +--------------+

Segment                Class          Group          Address         Size
=======                =====          =====          =======         ====

RESDATA                RDATA          DGROUP         0000:0000       00001775
BEGTEXT                CODE           AUTO           0178:0000       00001685
_TEXT                  CODE           AUTO           0178:1690       0000566b
FAR_DATA               FAR_DATA       AUTO           0847:000b       00000000
_NULL                  BEGDATA        DGROUP         0848:0000       00000020
_AFTERNULL             BEGDATA        DGROUP         084a:0000       00000002
_DATA                  DATA           DGROUP         084a:0002       0000020a
CONST                  DATA           DGROUP         086a:000c       00000ce8
CONST2                 DATA           DGROUP         0939:0004       0000012f
XIB                    DATA           DGROUP         094c:0004       00000000
XI                     DATA           DGROUP         094c:0004       00000012
XIE                    DATA           DGROUP         094d:0006       00000000
YIB                    DATA           DGROUP         094d:0006       00000000
YI                     DATA           DGROUP         094d:0006       00000012
YIE                    DATA           DGROUP         094e:0008       00000000
STRINGS                DATA           DGROUP         094e:0008       00000000
DATA                   DATA           DGROUP         094e:0008       00000000
_BSS                   BSS            DGROUP         094e:0008       00000325
STACK                  STACK          DGROUP         0981:0000       00000800


                        +----------------+
                        |   Memory Map   |
                        +----------------+

* = unreferenced symbol
+ = symbol only referenced locally

Address        Symbol
=======        ======

Module: CHINT.OBJ(chainint)
0178:0000      _glob_newds
0178:0002      _mvchain_intr_
Module: CD_RESID.OBJ(D:\Emulator\OwnFMDRV_WATCOM_Git\CD_RESID.c)
0178:00d2      CDAudio_SetVolume_
0178:0122      CDAudio_PlaySector_
0178:016c      CDAudio_Stop_
0178:01a8      CDAudio_CheckCDBusy_
Module: DOSUTIL.OBJ(D:\Emulator\OwnFMDRV_WATCOM_Git\DOSUTIL.c)
0178:01f0*     _puts_
0178:0222      _putchar_
0178:024a+     _putonehex_
0178:0282      _put8hex_
0178:0298      _put32hex_
0178:02d6*     _reset_cursor_
Module: INTERUP.OBJ(D:\Emulator\OwnFMDRV_WATCOM_Git\INTERUP.c)
0000:0600      _fmTrackOffsetEnding
0000:078c      _fmTrackOffsetOpening
0000:0918+     _dosActiveFlag
0000:091c      _fmTrackOffset
0000:0aa8      _mainExeFileName
0000:0abc      _endExeFileName
0000:0ad0      _openExeFileName
0000:0ae4      _openMusicFileName
0000:0af8      _endMusicFileName
0000:0b0c      _mainMusicFileName
0000:0b20+     _globDOSIntregs
0000:0b3e+     _globRTCIntregs
0000:0b5c+     _globFMDRVIntregs
0000:0b7a      _trackMapEnding
0000:0f58      _trackMapOpening
0000:1336      _trackMap
0000:1714+     _globData
0000:1726+     _globFMDRVIntOldstackOff
0000:1728+     _globRTCIntOldstackSeg
0000:172a+     _globDOSIntOldstackOff
0000:172c+     _globRTCIntOldstackOff
0000:172e+     _globDOSIntOldstackSeg
0000:1730+     _globFMDRVIntOldstackSeg
0000:1732+     _endMusicFileHandle
0000:1734+     _mainMusicFileHandle
0000:1736+     _openMusicFileHandle
0000:1738      _isBufferChangeStyle
0000:173b      _isBufferChangeStyleExist
0000:173c+     _logicStatus
0000:173d      _cddrive
0000:173e      _playMargin
0000:173f      _orginalCDVolume
0000:1740*     _rtcFlag
0000:1741+     _bufChgFMTrack
0000:1742+     _FMPassThrough
0000:1744+     _playTime
0000:1748+     _fromSector
0000:174c+     _toSector
0000:1750+     _tickAlarm
0000:1752      _fmTrackSongNumOpening
0000:1753      _fmTrackSongNum
0000:1754      _fmTrackSongNumEnding
0000:1755+     _skipDOSChain
0000:1756+     _terminateTSR
0000:1757+     _FMDRV_Marker_Str
0000:175e+     _SBDRV_Marker_Str
0178:03b6+     SectorsToSeconds_
0178:03fc+     ProcessFMDRVInt_
0178:0d7e+     MyFMDRVInterrupt_
0178:0e12+     MyTickInterrupt_
0178:0e7a*     ReadRTC_
0178:0e98*     SetRTC_
0178:0eb8+     InstallRTC_
0178:0ef4+     UninstallRTC_
0178:0f20+     ProcessRTCInt_
0178:1066+     MyRTCInterrupt_
0178:10e2+     InDOSInt_SetInterruptVector_
0178:1124+     ProcessDOSInt_SetIntr_
0178:126c+     ProcessDOSInt_SetPlayStep_
0178:12ca+     TrackIdxBinarySearch_
0178:133a+     ProcessDOSInt_BufChgFMTrack_
0178:13de+     InDOSInt_OpenFile_
0178:144a+     ProcessDOSInt_SetMusicFileHandle_
0178:150a+     MyDOSInterrupt_
0178:1690+     begtextend_
0178:1730+     SetupInterrupt_
0178:1808      StartTSR_
0178:1a30      IsTSRInstalled_
0178:1a68      UnloadTSR_
Module: OWNFMDRV.OBJ(D:\Emulator\OwnFMDRV_WATCOM_Git\OWNFMDRV.c)
0178:2814      main_
0000:94e8      _args
0000:94f4+     _gameTrackInfo
Module: CD_TRANS.OBJ(D:\Emulator\OwnFMDRV_WATCOM_Git\CD_TRANS.c)
0178:2f90      CDAudio_GetCDROMNum_
0178:2fc8      CDAudio_GetCDROMDriverVersion_
0178:3006      CDAudio_GetCDROMDriveList_
0178:3034      CDAudio_GetDiskInfo_
0178:30a0      CDAudio_GetTrackInfo_
0178:312a*     CDAudio_IsAudioTrack_
0178:3134*     CDAudio_GetPlayInfo_
0178:316c      CDAudio_Pos2SectorMSF_
0178:31b0      CDAudio_Pos2Sector_
0178:31e0+     CDAudio_Play_
0178:320e*     CDAudio_PlayTrack_
0178:326a*     CDAudio_Pause_
0178:3282*     CDAudio_Resume_
0178:329a*     CDAudio_GetVolume_
0178:32d2*     CDAudio_TestCDROM_
Module: INIPARSE.OBJ(D:\Emulator\OwnFMDRV_WATCOM_Git\INIPARSE.c)
0178:3566+     ini_parse_stream_
0178:36f6+     ini_parse_file_
0178:3706      ini_parse_
0178:377c*     ini_parse_string_
Module: C:\WATCOM\lib286\dos\clibs.lib(cmodel.asm)
0178:379e      _small_code_
0178:379e*     CodeModelMismatch
Module: C:\WATCOM\lib286\dos\clibs.lib(intx086.c)
0178:379e      int86x_
0178:383e      int86_
Module: C:\WATCOM\lib286\dos\clibs.lib(memset.c)
0178:385c      memset_
Module: C:\WATCOM\lib286\dos\clibs.lib(disable.c)
0178:3877      _disable_
Module: C:\WATCOM\lib286\dos\clibs.lib(d_getvec.c)
0178:3879      _dos_getvect_
Module: C:\WATCOM\lib286\dos\clibs.lib(d_setvec.c)
0178:3884      _dos_setvect_
Module: C:\WATCOM\lib286\dos\clibs.lib(enable.c)
0178:3891      _enable_
Module: C:\WATCOM\lib286\dos\clibs.lib(printf.c)
0178:3893      printf_
Module: C:\WATCOM\lib286\dos\clibs.lib(iob.c)
0000:8508      ___iob
0000:96ee      ___OpenStreams
0000:96f0      ___ClosedStreams
Module: C:\WATCOM\lib286\dos\clibs.lib(fprintf.c)
0178:38a8      fprintf_
Module: C:\WATCOM\lib286\dos\clibs.lib(_istricm.gas)
0178:38be      stricmp_
Module: C:\WATCOM\lib286\dos\clibs.lib(tolower.c)
0178:38c1      tolower_
Module: C:\WATCOM\lib286\dos\clibs.lib(atoi.c)
0178:38cf      atoi_
Module: C:\WATCOM\lib286\dos\clibs.lib(strlen.c)
0178:3920      strlen_
Module: C:\WATCOM\lib286\dos\clibs.lib(strcpy.c)
0178:3937      strcpy_
Module: C:\WATCOM\lib286\dos\clibs.lib(_istrnic.gas)
0178:3976      strnicmp_
Module: C:\WATCOM\lib286\dos\clibs.lib(strchr.c)
0178:3979      strchr_
Module: C:\WATCOM\lib286\dos\clibs.lib(exit.c)
0178:3992+     __null_int23_exit_
0178:3993      exit_
0178:39af*     _exit_
0000:8620+     ___int23_exit
0000:8622+     ___FPE_handler_exit
Module: C:\WATCOM\lib286\dos\clibs.lib(strtok.c)
0178:39be+     strtok_r_
0178:3a56      strtok_
Module: C:\WATCOM\lib286\dos\clibs.lib(fopen.c)
0178:3a5f+     __open_flags_
0178:3bff+     _fsopen_
0178:3c41      fopen_
0178:3ca0*     freopen_
Module: C:\WATCOM\lib286\dos\clibs.lib(fread.c)
0178:3ce3      fread_
Module: C:\WATCOM\lib286\dos\clibs.lib(fseek.c)
0178:3ed2      fseek_
Module: C:\WATCOM\lib286\dos\clibs.lib(fclose.c)
0178:3fe3      __doclose_
0178:4071      __shutdown_stream_
0178:4082      fclose_
0000:96f2+     ___RmTmpFileFn
Module: C:\WATCOM\lib286\dos\clibs.lib(crwdata)
0000:8626      __curbrk
0000:862e      __STACKLOW
0000:8630      __STACKTOP
0000:8632      __cbyte
0000:8634      __child
0000:8636      __no87
0000:8643      ___FPE_handler
0000:8628      __psp
0000:8637      __get_ovl_stack
0000:863b      __restore_ovl_stack
0000:863f      __close_ovl_file
0000:8647      __LpCmdLine
0000:864b      __LpPgmName
0000:862a      __osmajor
0000:862b      __osminor
0000:862c      __osmode
0000:862d      __HShift
Module: C:\WATCOM\lib286\dos\clibs.lib(cstart)
0178:1681*     ___begtext
0000:8480*     __nullarea
0178:40a4      _cstart_
0178:424e      __exit_
0178:426b      __do_exit_with_msg_
0178:4331      __GETDS
Module: C:\WATCOM\lib286\dos\clibs.lib(argcv.c)
0000:96f4      __argc
0000:96f6      __argv
0000:96f8      ___argc
0000:96fa      ___argv
Module: C:\WATCOM\lib286\dos\clibs.lib(i4m.asm)
0178:433c*     __I4M
0178:433c      __U4M
Module: C:\WATCOM\lib286\dos\clibs.lib(nmalloc.c)
0178:4354      _nmalloc_
0178:4354      malloc_
0000:8650      ___nheapbeg
0000:8652      ___MiniHeapRover
0000:8654      ___LargestSizeB4MiniHeapRover
Module: C:\WATCOM\lib286\dos\clibs.lib(nfree.c)
0178:440d      _nfree_
0178:440d      free_
0000:96fc+     ___MiniHeapFreeRover
Module: C:\WATCOM\lib286\dos\clibs.lib(istable.c)
0000:9394      __IsTable
Module: C:\WATCOM\lib286\dos\clibs.lib(fgets.c)
0178:44d0      fgets_
Module: C:\WATCOM\lib286\dos\clibs.lib(dointr)
0178:4530      _DoINTR_
Module: C:\WATCOM\lib286\dos\clibs.lib(segread.c)
0178:48a5      segread_
Module: C:\WATCOM\lib286\dos\clibs.lib(fprtf.c)
0178:48ce      __fprtf_
Module: C:\WATCOM\lib286\dos\clibs.lib(initfile.c)
0178:4965      __InitFiles_
Module: C:\WATCOM\lib286\dos\clibs.lib(ioexit.c)
0178:4a3d*     fcloseall_
0178:4a42      __full_io_exit_
Module: C:\WATCOM\lib286\dos\clibs.lib(stricmp.c)
0178:4a4a      _stricmp_
Module: C:\WATCOM\lib286\dos\clibs.lib(strnicmp.c)
0178:4a86      _strnicmp_
Module: C:\WATCOM\lib286\dos\clibs.lib(initrtns.c)
0178:4afe*     __FInitRtns
0178:4b02      __InitRtns
0178:4b59*     __FFiniRtns
0178:4b5d      __FiniRtns
Module: C:\WATCOM\lib286\dos\clibs.lib(setbits.c)
0178:4bbb      __setbits_
Module: C:\WATCOM\lib286\dos\clibs.lib(bits.c)
0000:9496      __Bits
Module: C:\WATCOM\lib286\dos\clibs.lib(comtflag.c)
0178:4c02*     __set_commode_
0000:8656      __commode
Module: C:\WATCOM\lib286\dos\clibs.lib(errno.c)
0178:4c09      __get_errno_ptr_
0000:96fe+     _errno
Module: C:\WATCOM\lib286\dos\clibs.lib(textmode.c)
0000:8658      __fmode
Module: C:\WATCOM\lib286\dos\clibs.lib(open.c)
0178:4dbb*     open_
0178:4dda      _sopen_
Module: C:\WATCOM\lib286\dos\clibs.lib(chktty.c)
0178:4df4      __chktty_
Module: C:\WATCOM\lib286\dos\clibs.lib(freefp.c)
0178:4e19      __freefp_
0178:4e3d      __purgefp_
Module: C:\WATCOM\lib286\dos\clibs.lib(allocfp.c)
0178:4e54      __allocfp_
Module: C:\WATCOM\lib286\dos\clibs.lib(qread.c)
0178:4ee0      __qread_
Module: C:\WATCOM\lib286\dos\clibs.lib(ioalloc.c)
0178:4ef6      __ioalloc_
Module: C:\WATCOM\lib286\dos\clibs.lib(fgetc.c)
0178:4f62      __fill_buffer_
0178:5017      fgetc_
Module: C:\WATCOM\lib286\dos\clibs.lib(lseek.c)
0178:5099      lseek_
Module: C:\WATCOM\lib286\dos\clibs.lib(flush.c)
0178:50c4      __flush_
Module: C:\WATCOM\lib286\dos\clibs.lib(tell.c)
0178:51b0      _tell_
Module: C:\WATCOM\lib286\dos\clibs.lib(__lseek.c)
0178:51bf      __lseek_
Module: C:\WATCOM\lib286\dos\clibs.lib(_clse.c)
0178:51f7      __close_
Module: C:\WATCOM\lib286\dos\clibs.lib(xmsg.c)
0178:5229*     __exit_with_msg_
0178:522c      __fatal_runtime_error_
Module: C:\WATCOM\lib286\dos\clibs.lib(cmain086.c)
0178:5243      __CMain
Module: C:\WATCOM\lib286\dos\clibs.lib(uselfn.c)
0000:865a      ___uselfn
Module: C:\WATCOM\lib286\dos\clibs.lib(dosseg)
0178:5252      __DOSseg__
Module: C:\WATCOM\lib286\dos\clibs.lib(initargv.c)
0178:53b8      __Init_Argv_
0178:53e9      __Fini_Argv_
Module: C:\WATCOM\lib286\dos\clibs.lib(mem.c)
0178:5400      __MemAllocator
0178:54c8      __MemFree
Module: C:\WATCOM\lib286\dos\clibs.lib(nmemneed.c)
0178:5642      __nmemneed_
Module: C:\WATCOM\lib286\dos\clibs.lib(grownear.c)
0178:56ab+     __LastFree_
0178:5712      __ExpandDGROUP_
Module: C:\WATCOM\lib286\dos\clibs.lib(fputc.c)
0178:57e5      fputc_
Module: C:\WATCOM\lib286\dos\clibs.lib(prtf.c)
0178:61c4      __prtf_
Module: C:\WATCOM\lib286\dos\clibs.lib(sgdef086)
0000:94c4      __Start_XI
0000:94d6      __End_XI
0000:94d6      __Start_YI
0000:94e8      __End_YI
Module: C:\WATCOM\lib286\dos\clibs.lib(opendos.c)
0178:63c8      _dos_open_
Module: C:\WATCOM\lib286\dos\clibs.lib(iomode.c)
0178:63dc      __GetIOMode_
0178:63f3      __SetIOMode_nogrow_
0000:865c      ___NFiles
0000:865e      ___init_mode
0000:8686      ___io_mode
Module: C:\WATCOM\lib286\dos\clibs.lib(isatt.c)
0178:6408      isatty_
Module: C:\WATCOM\lib286\dos\clibs.lib(dosret.c)
0178:6424      __set_errno_dos_
0178:6484*     __set_errno_dos_reterr_
Module: C:\WATCOM\lib286\dos\clibs.lib(doserrno.c)
0178:648e      __get_doserrno_ptr_
0000:9702+     __doserrno
Module: C:\WATCOM\lib286\dos\clibs.lib(umaskval.c)
0000:869c      ___umaskval
Module: C:\WATCOM\lib286\dos\clibs.lib(creatdos.c)
0178:6492      _dos_creat_
0178:64a4*     _dos_creatnew_
Module: C:\WATCOM\lib286\dos\clibs.lib(stiomode.c)
0178:64b6+     __grow_iomode_
0178:653d+     __shrink_iomode_
0178:6556      __SetIOMode_
Module: C:\WATCOM\lib286\dos\clibs.lib(flushall.c)
0178:65a7      __flushall_
0178:65d8*     flushall_
Module: C:\WATCOM\lib286\dos\clibs.lib(gtche.c)
0178:65dd      getche_
Module: C:\WATCOM\lib286\dos\clibs.lib(qwrit.c)
0178:65f2      __qwrite_
Module: C:\WATCOM\lib286\dos\clibs.lib(fsync.c)
0178:664b      fsync_
Module: C:\WATCOM\lib286\dos\clibs.lib(enterdb.c)
0178:664e      __EnterWVIDEO_
0000:869e+     __WD_Present
Module: C:\WATCOM\lib286\dos\clibs.lib(___argc.c)
0000:9706      ____Argv
0000:9708      ____Argc
Module: C:\WATCOM\lib286\dos\clibs.lib(histsplt.c)
0000:970a      ___historical_splitparms
Module: C:\WATCOM\lib286\dos\clibs.lib(amblksiz.c)
0000:86a0      __amblksiz
Module: C:\WATCOM\lib286\dos\clibs.lib(heapen.c)
0178:666a*     _heapenable_
0000:86a2      ___heap_enabled
Module: C:\WATCOM\lib286\dos\clibs.lib(sbrk.c)
0178:6676      __brk_
0178:66ca*     sbrk_
Module: C:\WATCOM\lib286\dos\clibs.lib(wctomb.c)
0178:66d0      wctomb_
Module: C:\WATCOM\lib286\dos\clibs.lib(itoa.c)
0178:66ed+     utoa_
0178:6732      itoa_
Module: C:\WATCOM\lib286\dos\clibs.lib(noefgfmt.c)
0000:86a4      ___EFG_printf
0000:86a6*     ___EFG_scanf
Module: C:\WATCOM\lib286\dos\clibs.lib(lltoa.c)
0178:675a      ulltoa_
0178:681e*     lltoa_
Module: C:\WATCOM\lib286\dos\clibs.lib(strupr.c)
0178:6871      _strupr_
Module: C:\WATCOM\lib286\dos\clibs.lib(ltoa.c)
0178:6891      ultoa_
0178:68e4*     ltoa_
Module: C:\WATCOM\lib286\dos\clibs.lib(mbisdbcs.c)
0000:86a8      ___IsDBCS
Module: C:\WATCOM\lib286\dos\clibs.lib(mbislead.c)
0178:6904*     _ismbblead_
0000:970c      ___MBCSIsTable
Module: C:\WATCOM\lib286\dos\clibs.lib(error086.asm)
0178:691a      __doserror_
0178:6926*     __doserror1_
Module: C:\WATCOM\lib286\dos\clibs.lib(nrealloc.c)
0178:6930*     _nrealloc_
0178:6930      realloc_
Module: C:\WATCOM\lib286\dos\clibs.lib(iomodtty.c)
0178:699c      __ChkTTYIOMode_
0178:69ce*     __IOMode_
Module: C:\WATCOM\lib286\dos\clibs.lib(filedos.c)
0178:69db*     _dos_close_
0178:69e7      _dos_commit_
Module: C:\WATCOM\lib286\dos\clibs.lib(alphabet.c)
0000:949e      ___Alphabet
Module: C:\WATCOM\lib286\dos\clibs.lib(mbinit.c)
0178:6a51      __mbinit_
0000:86aa+     ___MBCodePage
Module: C:\WATCOM\lib286\dos\clibs.lib(nmsize.c)
0178:6ab8*     _msize_
0178:6ab8      _nmsize_
Module: C:\WATCOM\lib286\dos\clibs.lib(nexpand.c)
0178:6ac7      _nexpand_
0178:6ac7*     _expand_
Module: C:\WATCOM\lib286\dos\clibs.lib(getltdos.c)
0178:6b12      dos_get_dbcs_lead_table_
Module: C:\WATCOM\lib286\dos\clibs.lib(getcpdos.c)
0178:6b3b      dos_get_code_page_
Module: C:\WATCOM\lib286\dos\clibs.lib(_expand.c)
0178:6b4b      __HeapManager_expand_
Module: C:\WATCOM\lib286\dos\clibs.lib(bfree.c)
0178:6cda      _bfree_


                        +--------------------+
                        |   Libraries Used   |
                        +--------------------+

C:\WATCOM\lib286\dos\clibs.lib


                        +-----------------------+
                        |   Linker Statistics   |
                        +-----------------------+

Stack size:  0800 (2048.)
Memory size:  a010 (40976.)
Entry point address: 0178:40a4
Link time: 00:00.05
