Open Watcom Linker Version 2.0 beta Feb 14 2024 01:53:56 (64-bit)
Copyright (c) 2002-2024 The Open Watcom Contributors. All Rights Reserved.
Portions Copyright (c) 1985-2002 Sybase, Inc. All Rights Reserved.
Created on:       24/03/26 22:51:02
Executable Image: ownfmdrv.exe
creating a DOS executable


                        +------------+
                        |   Groups   |
                        +------------+

Group                           Address              Size
=====                           =======              ====

DGROUP                          0000:0000            00009550



                        +--------------+
                        |   Segments   |
                        +--------------+

Segment                Class          Group          Address         Size
=======                =====          =====          =======         ====

RESDATA                RDATA          DGROUP         0000:0000       00001569
BEGTEXT                CODE           AUTO           0157:0000       00000e0d
_TEXT                  CODE           AUTO           0157:0e10       0000563b
FAR_DATA               FAR_DATA       AUTO           079b:000b       00000000
_NULL                  BEGDATA        DGROUP         079c:0000       00000020
_AFTERNULL             BEGDATA        DGROUP         079e:0000       00000002
_DATA                  DATA           DGROUP         079e:0002       0000020a
CONST                  DATA           DGROUP         07be:000c       00000ce8
CONST2                 DATA           DGROUP         088d:0004       0000012f
XIB                    DATA           DGROUP         08a0:0004       00000000
XI                     DATA           DGROUP         08a0:0004       00000012
XIE                    DATA           DGROUP         08a1:0006       00000000
YIB                    DATA           DGROUP         08a1:0006       00000000
YI                     DATA           DGROUP         08a1:0006       00000012
YIE                    DATA           DGROUP         08a2:0008       00000000
STRINGS                DATA           DGROUP         08a2:0008       00000000
DATA                   DATA           DGROUP         08a2:0008       00000000
_BSS                   BSS            DGROUP         08a2:0008       00000325
STACK                  STACK          DGROUP         08d5:0000       00000800


                        +----------------+
                        |   Memory Map   |
                        +----------------+

* = unreferenced symbol
+ = symbol only referenced locally

Address        Symbol
=======        ======

Module: CHINT.OBJ(chainint)
0157:0000      _glob_newds
0157:0002      _mvchain_intr_
Module: CD_RESID.OBJ(D:\Emulator\OwnFMDRV_WATCOM_Git\CD_RESID.c)
0157:00d2      CDAudio_SetVolume_
0157:0122      CDAudio_PlaySector_
0157:016c      CDAudio_Stop_
0157:01a8      CDAudio_CheckCDBusy_
Module: DOSUTIL.OBJ(D:\Emulator\OwnFMDRV_WATCOM_Git\DOSUTIL.c)
0157:01f0*     _puts_
0157:0222+     _putchar_
0157:024a*     _puthex_
0157:0290*     _reset_cursor_
Module: INTERUP.OBJ(D:\Emulator\OwnFMDRV_WATCOM_Git\INTERUP.c)
0000:0400      _fmTrackOffsetEnding
0000:058c      _fmTrackOffsetOpening
0000:0718+     _dosActiveFlag
0000:071c      _fmTrackOffset
0000:08a8      _mainExeFileName
0000:08bc      _openMusicFileName
0000:08d0      _endMusicFileName
0000:08e4      _endExeFileName
0000:08f8      _openExeFileName
0000:090c      _mainMusicFileName
0000:0920*     _globTickIntregs
0000:093e+     _globFMDRVIntregs
0000:095c+     _globDOSIntregs
0000:097a      _trackMapEnding
0000:0d58      _trackMapOpening
0000:1136      _trackMap
0000:1514+     _globData
0000:1522+     _globFMDRVIntOldstackOff
0000:1524+     _globDOSIntOldstackOff
0000:1526+     _globDOSIntOldstackSeg
0000:1528+     _globFMDRVIntOldstackSeg
0000:152a+     _endMusicFileHandle
0000:152c+     _openMusicFileHandle
0000:152e+     _mainMusicFileHandle
0000:1530      _isBufferChangeStyle
0000:1533      _isBufferChangeStyleExist
0000:1534+     _logicStatus
0000:1535      _cddrive
0000:1536      _playMargin
0000:1537      _orginalCDVolume
0000:1538+     _bufChgFMTrack
0000:1539+     _FMPassThrough
0000:153a+     _tickAlarm
0000:153c      _fmTrackSongNumOpening
0000:153d      _fmTrackSongNum
0000:153e      _fmTrackSongNumEnding
0000:153f+     _skipDOSChain
0000:1540+     _terminateTSR
0000:1541+     _FMDRV_Marker_Str
0000:1548+     _SBDRV_Marker_Str
0157:0376+     ProcessFMDRVInt_
0157:0784+     MyFMDRVInterrupt_
0157:0820+     MyTickInterrupt_
0157:0888+     InDOSInt_SetInterruptVector_
0157:08ca+     ProcessDOSInt_SetIntr_
0157:0a0a+     ProcessDOSInt_SetPlayStep_
0157:0a68+     TrackIdxBinarySearch_
0157:0ad8+     ProcessDOSInt_BufChgFMTrack_
0157:0b7c+     InDOSInt_OpenFile_
0157:0be2+     ProcessDOSInt_SetMusicFileHandle_
0157:0ca2+     MyDOSInterrupt_
0157:0e10+     begtextend_
0157:0eb0+     SetupInterrupt_
0157:0f5c      StartTSR_
0157:1184      IsTSRInstalled_
0157:11bc      UnloadTSR_
Module: OWNFMDRV.OBJ(D:\Emulator\OwnFMDRV_WATCOM_Git\OWNFMDRV.c)
0157:1f64      main_
0000:8a28      _args
0000:8a34+     _gameTrackInfo
Module: CD_TRANS.OBJ(D:\Emulator\OwnFMDRV_WATCOM_Git\CD_TRANS.c)
0157:26e0      CDAudio_GetCDROMNum_
0157:2718      CDAudio_GetCDROMDriverVersion_
0157:2756      CDAudio_GetCDROMDriveList_
0157:2784      CDAudio_GetDiskInfo_
0157:27f0      CDAudio_GetTrackInfo_
0157:287a*     CDAudio_IsAudioTrack_
0157:2884*     CDAudio_GetPlayInfo_
0157:28bc      CDAudio_Pos2SectorMSF_
0157:2900      CDAudio_Pos2Sector_
0157:2930+     CDAudio_Play_
0157:295e*     CDAudio_PlayTrack_
0157:29ba*     CDAudio_Pause_
0157:29d2*     CDAudio_Resume_
0157:29ea*     CDAudio_GetVolume_
0157:2a22*     CDAudio_TestCDROM_
Module: INIPARSE.OBJ(D:\Emulator\OwnFMDRV_WATCOM_Git\INIPARSE.c)
0157:2cb6+     ini_parse_stream_
0157:2e46+     ini_parse_file_
0157:2e56      ini_parse_
0157:2ecc*     ini_parse_string_
Module: C:\WATCOM\lib286\dos\clibs.lib(cmodel.asm)
0157:2eee      _small_code_
0157:2eee*     CodeModelMismatch
Module: C:\WATCOM\lib286\dos\clibs.lib(intx086.c)
0157:2eee      int86x_
0157:2f8e      int86_
Module: C:\WATCOM\lib286\dos\clibs.lib(memset.c)
0157:2fac      memset_
Module: C:\WATCOM\lib286\dos\clibs.lib(disable.c)
0157:2fc7      _disable_
Module: C:\WATCOM\lib286\dos\clibs.lib(d_getvec.c)
0157:2fc9      _dos_getvect_
Module: C:\WATCOM\lib286\dos\clibs.lib(d_setvec.c)
0157:2fd4      _dos_setvect_
Module: C:\WATCOM\lib286\dos\clibs.lib(enable.c)
0157:2fe1      _enable_
Module: C:\WATCOM\lib286\dos\clibs.lib(printf.c)
0157:2fe3      printf_
Module: C:\WATCOM\lib286\dos\clibs.lib(iob.c)
0000:7a48      ___iob
0000:8c2e      ___OpenStreams
0000:8c30      ___ClosedStreams
Module: C:\WATCOM\lib286\dos\clibs.lib(fprintf.c)
0157:2ff8      fprintf_
Module: C:\WATCOM\lib286\dos\clibs.lib(_istricm.gas)
0157:300e      stricmp_
Module: C:\WATCOM\lib286\dos\clibs.lib(tolower.c)
0157:3011      tolower_
Module: C:\WATCOM\lib286\dos\clibs.lib(atoi.c)
0157:301f      atoi_
Module: C:\WATCOM\lib286\dos\clibs.lib(strlen.c)
0157:3070      strlen_
Module: C:\WATCOM\lib286\dos\clibs.lib(strcpy.c)
0157:3087      strcpy_
Module: C:\WATCOM\lib286\dos\clibs.lib(_istrnic.gas)
0157:30c6      strnicmp_
Module: C:\WATCOM\lib286\dos\clibs.lib(strchr.c)
0157:30c9      strchr_
Module: C:\WATCOM\lib286\dos\clibs.lib(exit.c)
0157:30e2+     __null_int23_exit_
0157:30e3      exit_
0157:30ff*     _exit_
0000:7b60+     ___int23_exit
0000:7b62+     ___FPE_handler_exit
Module: C:\WATCOM\lib286\dos\clibs.lib(strtok.c)
0157:310e+     strtok_r_
0157:31a6      strtok_
Module: C:\WATCOM\lib286\dos\clibs.lib(fopen.c)
0157:31af+     __open_flags_
0157:334f+     _fsopen_
0157:3391      fopen_
0157:33f0*     freopen_
Module: C:\WATCOM\lib286\dos\clibs.lib(fread.c)
0157:3433      fread_
Module: C:\WATCOM\lib286\dos\clibs.lib(fseek.c)
0157:3622      fseek_
Module: C:\WATCOM\lib286\dos\clibs.lib(fclose.c)
0157:3733      __doclose_
0157:37c1      __shutdown_stream_
0157:37d2      fclose_
0000:8c32+     ___RmTmpFileFn
Module: C:\WATCOM\lib286\dos\clibs.lib(crwdata)
0000:7b66      __curbrk
0000:7b6e      __STACKLOW
0000:7b70      __STACKTOP
0000:7b72      __cbyte
0000:7b74      __child
0000:7b76      __no87
0000:7b83      ___FPE_handler
0000:7b68      __psp
0000:7b77      __get_ovl_stack
0000:7b7b      __restore_ovl_stack
0000:7b7f      __close_ovl_file
0000:7b87      __LpCmdLine
0000:7b8b      __LpPgmName
0000:7b6a      __osmajor
0000:7b6b      __osminor
0000:7b6c      __osmode
0000:7b6d      __HShift
Module: C:\WATCOM\lib286\dos\clibs.lib(cstart)
0157:0e09*     ___begtext
0000:79c0*     __nullarea
0157:37f4      _cstart_
0157:399e      __exit_
0157:39bb      __do_exit_with_msg_
0157:3a81      __GETDS
Module: C:\WATCOM\lib286\dos\clibs.lib(argcv.c)
0000:8c34      __argc
0000:8c36      __argv
0000:8c38      ___argc
0000:8c3a      ___argv
Module: C:\WATCOM\lib286\dos\clibs.lib(i4m.asm)
0157:3a8c*     __I4M
0157:3a8c      __U4M
Module: C:\WATCOM\lib286\dos\clibs.lib(nmalloc.c)
0157:3aa4      _nmalloc_
0157:3aa4      malloc_
0000:7b90      ___nheapbeg
0000:7b92      ___MiniHeapRover
0000:7b94      ___LargestSizeB4MiniHeapRover
Module: C:\WATCOM\lib286\dos\clibs.lib(nfree.c)
0157:3b5d      _nfree_
0157:3b5d      free_
0000:8c3c+     ___MiniHeapFreeRover
Module: C:\WATCOM\lib286\dos\clibs.lib(istable.c)
0000:88d4      __IsTable
Module: C:\WATCOM\lib286\dos\clibs.lib(fgets.c)
0157:3c20      fgets_
Module: C:\WATCOM\lib286\dos\clibs.lib(dointr)
0157:3c80      _DoINTR_
Module: C:\WATCOM\lib286\dos\clibs.lib(segread.c)
0157:3ff5      segread_
Module: C:\WATCOM\lib286\dos\clibs.lib(fprtf.c)
0157:401e      __fprtf_
Module: C:\WATCOM\lib286\dos\clibs.lib(initfile.c)
0157:40b5      __InitFiles_
Module: C:\WATCOM\lib286\dos\clibs.lib(ioexit.c)
0157:418d*     fcloseall_
0157:4192      __full_io_exit_
Module: C:\WATCOM\lib286\dos\clibs.lib(stricmp.c)
0157:419a      _stricmp_
Module: C:\WATCOM\lib286\dos\clibs.lib(strnicmp.c)
0157:41d6      _strnicmp_
Module: C:\WATCOM\lib286\dos\clibs.lib(initrtns.c)
0157:424e*     __FInitRtns
0157:4252      __InitRtns
0157:42a9*     __FFiniRtns
0157:42ad      __FiniRtns
Module: C:\WATCOM\lib286\dos\clibs.lib(setbits.c)
0157:430b      __setbits_
Module: C:\WATCOM\lib286\dos\clibs.lib(bits.c)
0000:89d6      __Bits
Module: C:\WATCOM\lib286\dos\clibs.lib(comtflag.c)
0157:4352*     __set_commode_
0000:7b96      __commode
Module: C:\WATCOM\lib286\dos\clibs.lib(errno.c)
0157:4359      __get_errno_ptr_
0000:8c3e+     _errno
Module: C:\WATCOM\lib286\dos\clibs.lib(textmode.c)
0000:7b98      __fmode
Module: C:\WATCOM\lib286\dos\clibs.lib(open.c)
0157:450b*     open_
0157:452a      _sopen_
Module: C:\WATCOM\lib286\dos\clibs.lib(chktty.c)
0157:4544      __chktty_
Module: C:\WATCOM\lib286\dos\clibs.lib(freefp.c)
0157:4569      __freefp_
0157:458d      __purgefp_
Module: C:\WATCOM\lib286\dos\clibs.lib(allocfp.c)
0157:45a4      __allocfp_
Module: C:\WATCOM\lib286\dos\clibs.lib(qread.c)
0157:4630      __qread_
Module: C:\WATCOM\lib286\dos\clibs.lib(ioalloc.c)
0157:4646      __ioalloc_
Module: C:\WATCOM\lib286\dos\clibs.lib(fgetc.c)
0157:46b2      __fill_buffer_
0157:4767      fgetc_
Module: C:\WATCOM\lib286\dos\clibs.lib(lseek.c)
0157:47e9      lseek_
Module: C:\WATCOM\lib286\dos\clibs.lib(flush.c)
0157:4814      __flush_
Module: C:\WATCOM\lib286\dos\clibs.lib(tell.c)
0157:4900      _tell_
Module: C:\WATCOM\lib286\dos\clibs.lib(__lseek.c)
0157:490f      __lseek_
Module: C:\WATCOM\lib286\dos\clibs.lib(_clse.c)
0157:4947      __close_
Module: C:\WATCOM\lib286\dos\clibs.lib(xmsg.c)
0157:4979*     __exit_with_msg_
0157:497c      __fatal_runtime_error_
Module: C:\WATCOM\lib286\dos\clibs.lib(cmain086.c)
0157:4993      __CMain
Module: C:\WATCOM\lib286\dos\clibs.lib(uselfn.c)
0000:7b9a      ___uselfn
Module: C:\WATCOM\lib286\dos\clibs.lib(dosseg)
0157:49a2      __DOSseg__
Module: C:\WATCOM\lib286\dos\clibs.lib(initargv.c)
0157:4b08      __Init_Argv_
0157:4b39      __Fini_Argv_
Module: C:\WATCOM\lib286\dos\clibs.lib(mem.c)
0157:4b50      __MemAllocator
0157:4c18      __MemFree
Module: C:\WATCOM\lib286\dos\clibs.lib(nmemneed.c)
0157:4d92      __nmemneed_
Module: C:\WATCOM\lib286\dos\clibs.lib(grownear.c)
0157:4dfb+     __LastFree_
0157:4e62      __ExpandDGROUP_
Module: C:\WATCOM\lib286\dos\clibs.lib(fputc.c)
0157:4f35      fputc_
Module: C:\WATCOM\lib286\dos\clibs.lib(prtf.c)
0157:5914      __prtf_
Module: C:\WATCOM\lib286\dos\clibs.lib(sgdef086)
0000:8a04      __Start_XI
0000:8a16      __End_XI
0000:8a16      __Start_YI
0000:8a28      __End_YI
Module: C:\WATCOM\lib286\dos\clibs.lib(opendos.c)
0157:5b18      _dos_open_
Module: C:\WATCOM\lib286\dos\clibs.lib(iomode.c)
0157:5b2c      __GetIOMode_
0157:5b43      __SetIOMode_nogrow_
0000:7b9c      ___NFiles
0000:7b9e      ___init_mode
0000:7bc6      ___io_mode
Module: C:\WATCOM\lib286\dos\clibs.lib(isatt.c)
0157:5b58      isatty_
Module: C:\WATCOM\lib286\dos\clibs.lib(dosret.c)
0157:5b74      __set_errno_dos_
0157:5bd4*     __set_errno_dos_reterr_
Module: C:\WATCOM\lib286\dos\clibs.lib(doserrno.c)
0157:5bde      __get_doserrno_ptr_
0000:8c42+     __doserrno
Module: C:\WATCOM\lib286\dos\clibs.lib(umaskval.c)
0000:7bdc      ___umaskval
Module: C:\WATCOM\lib286\dos\clibs.lib(creatdos.c)
0157:5be2      _dos_creat_
0157:5bf4*     _dos_creatnew_
Module: C:\WATCOM\lib286\dos\clibs.lib(stiomode.c)
0157:5c06+     __grow_iomode_
0157:5c8d+     __shrink_iomode_
0157:5ca6      __SetIOMode_
Module: C:\WATCOM\lib286\dos\clibs.lib(flushall.c)
0157:5cf7      __flushall_
0157:5d28*     flushall_
Module: C:\WATCOM\lib286\dos\clibs.lib(gtche.c)
0157:5d2d      getche_
Module: C:\WATCOM\lib286\dos\clibs.lib(qwrit.c)
0157:5d42      __qwrite_
Module: C:\WATCOM\lib286\dos\clibs.lib(fsync.c)
0157:5d9b      fsync_
Module: C:\WATCOM\lib286\dos\clibs.lib(enterdb.c)
0157:5d9e      __EnterWVIDEO_
0000:7bde+     __WD_Present
Module: C:\WATCOM\lib286\dos\clibs.lib(___argc.c)
0000:8c46      ____Argv
0000:8c48      ____Argc
Module: C:\WATCOM\lib286\dos\clibs.lib(histsplt.c)
0000:8c4a      ___historical_splitparms
Module: C:\WATCOM\lib286\dos\clibs.lib(amblksiz.c)
0000:7be0      __amblksiz
Module: C:\WATCOM\lib286\dos\clibs.lib(heapen.c)
0157:5dba*     _heapenable_
0000:7be2      ___heap_enabled
Module: C:\WATCOM\lib286\dos\clibs.lib(sbrk.c)
0157:5dc6      __brk_
0157:5e1a*     sbrk_
Module: C:\WATCOM\lib286\dos\clibs.lib(wctomb.c)
0157:5e20      wctomb_
Module: C:\WATCOM\lib286\dos\clibs.lib(itoa.c)
0157:5e3d+     utoa_
0157:5e82      itoa_
Module: C:\WATCOM\lib286\dos\clibs.lib(noefgfmt.c)
0000:7be4      ___EFG_printf
0000:7be6*     ___EFG_scanf
Module: C:\WATCOM\lib286\dos\clibs.lib(lltoa.c)
0157:5eaa      ulltoa_
0157:5f6e*     lltoa_
Module: C:\WATCOM\lib286\dos\clibs.lib(strupr.c)
0157:5fc1      _strupr_
Module: C:\WATCOM\lib286\dos\clibs.lib(ltoa.c)
0157:5fe1      ultoa_
0157:6034*     ltoa_
Module: C:\WATCOM\lib286\dos\clibs.lib(mbisdbcs.c)
0000:7be8      ___IsDBCS
Module: C:\WATCOM\lib286\dos\clibs.lib(mbislead.c)
0157:6054*     _ismbblead_
0000:8c4c      ___MBCSIsTable
Module: C:\WATCOM\lib286\dos\clibs.lib(error086.asm)
0157:606a      __doserror_
0157:6076*     __doserror1_
Module: C:\WATCOM\lib286\dos\clibs.lib(nrealloc.c)
0157:6080*     _nrealloc_
0157:6080      realloc_
Module: C:\WATCOM\lib286\dos\clibs.lib(iomodtty.c)
0157:60ec      __ChkTTYIOMode_
0157:611e*     __IOMode_
Module: C:\WATCOM\lib286\dos\clibs.lib(filedos.c)
0157:612b*     _dos_close_
0157:6137      _dos_commit_
Module: C:\WATCOM\lib286\dos\clibs.lib(alphabet.c)
0000:89de      ___Alphabet
Module: C:\WATCOM\lib286\dos\clibs.lib(mbinit.c)
0157:61a1      __mbinit_
0000:7bea+     ___MBCodePage
Module: C:\WATCOM\lib286\dos\clibs.lib(nmsize.c)
0157:6208*     _msize_
0157:6208      _nmsize_
Module: C:\WATCOM\lib286\dos\clibs.lib(nexpand.c)
0157:6217      _nexpand_
0157:6217*     _expand_
Module: C:\WATCOM\lib286\dos\clibs.lib(getltdos.c)
0157:6262      dos_get_dbcs_lead_table_
Module: C:\WATCOM\lib286\dos\clibs.lib(getcpdos.c)
0157:628b      dos_get_code_page_
Module: C:\WATCOM\lib286\dos\clibs.lib(_expand.c)
0157:629b      __HeapManager_expand_
Module: C:\WATCOM\lib286\dos\clibs.lib(bfree.c)
0157:642a      _bfree_


                        +--------------------+
                        |   Libraries Used   |
                        +--------------------+

C:\WATCOM\lib286\dos\clibs.lib


                        +-----------------------+
                        |   Linker Statistics   |
                        +-----------------------+

Stack size:  0800 (2048.)
Memory size:  9550 (38224.)
Entry point address: 0157:37f4
Link time: 00:00.05
